{
  "C": {
    "f()": "digraph{\n0[label=\"Node Type: ENTRY_POINT 0\n\"];\n0->9;\n1[label=\"Node Type: INLINE ASM 1\n\"];\n1->2;\n2[label=\"Node Type: NEW VARIABLE 2\n\"];\n2->3;\n3[label=\"Node Type: EXPRESSION 3\n\"];\n3->4;\n4[label=\"Node Type: END INLINE ASM 4\n\"];\n4->5;\n5[label=\"Node Type: INLINE ASM 5\n\"];\n5->6;\n6[label=\"Node Type: NEW VARIABLE 6\n\"];\n6->7;\n7[label=\"Node Type: EXPRESSION 7\n\"];\n7->8;\n8[label=\"Node Type: END INLINE ASM 8\n\"];\n9[label=\"Node Type: EXPRESSION 9\n\"];\n9->1;\n}\n",
    "a()": "digraph{\n0[label=\"Node Type: ENTRY_POINT 0\n\"];\n0->1;\n1[label=\"Node Type: INLINE ASM 1\n\"];\n1->2;\n2[label=\"Node Type: NEW VARIABLE 2\n\"];\n2->3;\n3[label=\"Node Type: EXPRESSION 3\n\"];\n3->4;\n4[label=\"Node Type: END INLINE ASM 4\n\"];\n4->5;\n5[label=\"Node Type: _ 5\n\"];\n}\n"
  }
}