{
  "Q": {},
  "Z": {},
  "D": {
    "a()": "digraph{\n0[label=\"Node Type: ENTRY_POINT 0\n\"];\n0->1;\n1[label=\"Node Type: RETURN 1\n\"];\n}\n",
    "b()": "digraph{\n0[label=\"Node Type: ENTRY_POINT 0\n\"];\n0->1;\n1[label=\"Node Type: RETURN 1\n\"];\n}\n",
    "c()": "digraph{\n0[label=\"Node Type: ENTRY_POINT 0\n\"];\n0->1;\n1[label=\"Node Type: RETURN 1\n\"];\n}\n",
    "d()": "digraph{\n0[label=\"Node Type: ENTRY_POINT 0\n\"];\n0->1;\n1[label=\"Node Type: RETURN 1\n\"];\n}\n",
    "e()": "digraph{\n0[label=\"Node Type: ENTRY_POINT 0\n\"];\n0->1;\n1[label=\"Node Type: RETURN 1\n\"];\n}\n",
    "f()": "digraph{\n0[label=\"Node Type: ENTRY_POINT 0\n\"];\n0->1;\n1[label=\"Node Type: RETURN 1\n\"];\n}\n"
  }
}